yarn run v1.22.22
warning ../../../../package.json: No license field
error Command "test" not found.
info Visit https://yarnpkg.com/en/docs/cli/run for documentation about this command.
